[templates.framework-y.com/techline/demo-main/index.html]
[backblue.gif]
[fade.gif]
[index.html]
[templates.framework-y.com/techline/scripts/jquery.min.js]
[templates.framework-y.com/techline/scripts/bootstrap/css/bootstrap.css]
[templates.framework-y.com/techline/scripts/script.js]
[templates.framework-y.com/techline/style.css]
[templates.framework-y.com/techline/css/content-box.css]
[templates.framework-y.com/techline/css/image-box.css]
[templates.framework-y.com/techline/css/animations.css]
[templates.framework-y.com/techline/css/components.css]
[templates.framework-y.com/techline/scripts/flexslider/flexslider.css]
[templates.framework-y.com/techline/scripts/magnific-popup.css]
[templates.framework-y.com/techline/scripts/php/contact-form.css]
[templates.framework-y.com/techline/scripts/social.stream.css]
[templates.framework-y.com/techline/images/favicon.png]
[templates.framework-y.com/techline/skin.css]
[templates.framework-y.com/techline/images/logo-big.png]
[templates.framework-y.com/techline/images/mk-intro.png]
[templates.framework-y.com/techline/demo-main/index-main.html]
[templates.framework-y.com/techline/images/intro/main.jpg]
[templates.framework-y.com/techline/demo-main/index-management.html]
[templates.framework-y.com/techline/images/intro/management.jpg]
[templates.framework-y.com/techline/demo-main/index-freelancer.html]
[templates.framework-y.com/techline/images/intro/freelancer.jpg]
[templates.framework-y.com/techline/demo-main/index-product.html]
[templates.framework-y.com/techline/images/intro/product.jpg]
[templates.framework-y.com/techline/demo-main/index-services.html]
[templates.framework-y.com/techline/images/intro/services.jpg]
[templates.framework-y.com/techline/demo-main/index-video.html]
[templates.framework-y.com/techline/images/intro/video.jpg]
[templates.framework-y.com/techline/demo-main/index-app.html]
[templates.framework-y.com/techline/images/intro/app.jpg]
[templates.framework-y.com/techline/demo-main/index-presentation.html]
[templates.framework-y.com/techline/images/intro/presentation.jpg]
[templates.framework-y.com/techline/demo-main/index-event.html]
[templates.framework-y.com/techline/images/intro/event.jpg]
[templates.framework-y.com/techline/demo-main/index-activity.html]
[templates.framework-y.com/techline/images/intro/activity.jpg]
[templates.framework-y.com/techline/demo-main/index-business.html]
[templates.framework-y.com/techline/images/intro/business.jpg]
[templates.framework-y.com/techline/demo-main/index-blog.html]
[templates.framework-y.com/techline/images/intro/blog.jpg]
[templates.framework-y.com/techline/demo-main/index-corporate.html]
[templates.framework-y.com/techline/images/intro/corporate.jpg]
[templates.framework-y.com/techline/demo-main/index-company.html]
[templates.framework-y.com/techline/images/intro/company.jpg]
[templates.framework-y.com/techline/demo-main/index-consulting.html]
[templates.framework-y.com/techline/images/intro/consulting.jpg]
[templates.framework-y.com/techline/demo-main/index-boxed.html]
[templates.framework-y.com/techline/images/intro/boxed.jpg]
[templates.framework-y.com/techline/demo-main/index-portfolio.html]
[templates.framework-y.com/techline/images/intro/portfolio.jpg]
[templates.framework-y.com/techline/demo-main/index-side-menu.html]
[templates.framework-y.com/techline/images/intro/side-menu.jpg]
[templates.framework-y.com/techline/demo-main/index-fullpage.html]
[templates.framework-y.com/techline/images/intro/fullpage.jpg]
[templates.framework-y.com/techline/images/intro/intro.jpg]
[templates.framework-y.com/techline/images/framework-y.png]
[templates.framework-y.com/techline/scripts/iconsmind/line-icons.min.css]
[templates.framework-y.com/techline/scripts/bootstrap/js/bootstrap.min.js]
[templates.framework-y.com/techline/scripts/imagesloaded.min.js]
[templates.framework-y.com/techline/scripts/parallax.min.js]
[templates.framework-y.com/techline/scripts/flexslider/jquery.flexslider-min.js]
[templates.framework-y.com/techline/scripts/php/contact-form.js]
[templates.framework-y.com/techline/scripts/isotope.min.js]
[templates.framework-y.com/techline/scripts/jquery.progress-counter.js]
[templates.framework-y.com/techline/scripts/jquery.tab-accordion.js]
[templates.framework-y.com/techline/scripts/bootstrap/js/bootstrap.popover.min.js]
[templates.framework-y.com/techline/scripts/jquery.magnific-popup.min.js]
[templates.framework-y.com/techline/scripts/social.stream.min.js]
[templates.framework-y.com/techline/scripts/jquery.slimscroll.min.js]
[templates.framework-y.com/techline/scripts/smooth.scroll.min.js]
[templates.framework-y.com/techline/demo-main/index.html]
[templates.framework-y.com/techline/scripts/bootstrap/css/bootstrap.css]
[templates.framework-y.com/techline/images/assets/loader.gif]
[templates.framework-y.com/techline/images/overlay/dotted.png]
[templates.framework-y.com/techline/images/overlay/line-45.png]
[templates.framework-y.com/techline/images/overlay/carbonio.png]
[templates.framework-y.com/techline/images/overlay/tile.png]
[templates.framework-y.com/techline/images/overlay/points.png]
[templates.framework-y.com/techline/images/overlay/squares.png]
[templates.framework-y.com/techline/images/overlay/tv.gif]
[templates.framework-y.com/techline/images/assets/clouds_1.png]
[templates.framework-y.com/techline/images/assets/clouds_2.png]
[templates.framework-y.com/techline/images/assets/fog_1.png]
[templates.framework-y.com/techline/images/assets/fog_2.png]
[templates.framework-y.com/techline/images/assets/bg-gradient.png]
[templates.framework-y.com/techline/images/assets/dotted-line.png]
[templates.framework-y.com/techline/images/assets/gradient-line.png]
[templates.framework-y.com/techline/images/assets/gradient-line-dark.png]
[templates.framework-y.com/techline/images/overlay/line-45-white.png]
[templates.framework-y.com/techline/images/overlay/dotted-white.png]
[templates.framework-y.com/techline/images/overlay/carbonio-white.png]
[templates.framework-y.com/techline/style.css]
[templates.framework-y.com/techline/css/content-box.css]
[templates.framework-y.com/techline/css/image-box.css]
[templates.framework-y.com/techline/css/animations.css]
[templates.framework-y.com/techline/css/components.css]
[templates.framework-y.com/techline/scripts/flexslider/fonts/flexslider-icon.eot]
[templates.framework-y.com/techline/scripts/flexslider/fonts/flexslider-icond41d.eot]
[templates.framework-y.com/techline/scripts/flexslider/fonts/flexslider-icon.woff]
[templates.framework-y.com/techline/scripts/flexslider/fonts/flexslider-icon.ttf]
[templates.framework-y.com/techline/scripts/flexslider/flexslider.css]
[templates.framework-y.com/techline/scripts/magnific-popup.css]
[templates.framework-y.com/techline/scripts/php/contact-form.css]
[templates.framework-y.com/techline/scripts/social.stream.css]
[templates.framework-y.com/techline/skin.css]
[templates.framework-y.com/techline/scripts/flexslider/fonts/flexslider-icon.svg]
[templates.framework-y.com/techline/images/logo.png]
[templates.framework-y.com/techline/images/logo-retina.png]
[templates.framework-y.com/techline/demo-main/about-1.html]
[templates.framework-y.com/techline/demo-main/about-2.html]
[templates.framework-y.com/techline/demo-main/about-3.html]
[templates.framework-y.com/techline/demo-main/pricing.html]
[templates.framework-y.com/techline/demo-main/careers.html]
[templates.framework-y.com/techline/demo-main/certifications.html]
[templates.framework-y.com/techline/demo-main/faq.html]
[templates.framework-y.com/techline/demo-main/history.html]
[templates.framework-y.com/techline/demo-main/team.html]
[templates.framework-y.com/techline/demo-main/coming-soon.html]
[templates.framework-y.com/techline/demo-main/download-area.html]
[templates.framework-y.com/techline/demo-main/gallery-album.html]
[templates.framework-y.com/techline/demo-main/services-1.html]
[templates.framework-y.com/techline/demo-main/services-2.html]
[templates.framework-y.com/techline/demo-main/services-3.html]
[templates.framework-y.com/techline/demo-main/contacts-1.html]
[templates.framework-y.com/techline/demo-main/contacts-2.html]
[templates.framework-y.com/techline/demo-main/contacts-3.html]
[templates.framework-y.com/techline/demo-main/contacts-4.html]
[templates.framework-y.com/techline/demo-main/404.html]
[templates.framework-y.com/techline/demo-main/portfolio-1-gutted-boxed.html]
[templates.framework-y.com/techline/demo-main/portfolio-1-gutted-full-width.html]
[templates.framework-y.com/techline/demo-main/portfolio-2-gutted-boxed.html]
[templates.framework-y.com/techline/demo-main/portfolio-2-gutted-full-width.html]
[templates.framework-y.com/techline/demo-main/portfolio-3-gutted-boxed.html]
[templates.framework-y.com/techline/demo-main/portfolio-3-gutted-full-width.html]
[templates.framework-y.com/techline/demo-main/portfolio-4-full-width.html]
[templates.framework-y.com/techline/demo-main/portfolio-4-boxed.html]
[templates.framework-y.com/techline/demo-main/portfolio-4-gutted-boxed.html]
[templates.framework-y.com/techline/demo-main/portfolio-4-gutted-full-width.html]
[templates.framework-y.com/techline/demo-main/portfolio-single-1.html]
[templates.framework-y.com/techline/demo-main/portfolio-single-2.html]
[templates.framework-y.com/techline/demo-main/portfolio-single-3.html]
[templates.framework-y.com/techline/demo-main/portfolio-single-4.html]
[templates.framework-y.com/techline/demo-main/portfolio-single-5.html]
[templates.framework-y.com/techline/demo-main/portfolio-single-6.html]
[templates.framework-y.com/techline/demo-main/portfolio-single-7.html]
[templates.framework-y.com/techline/demo-main/blog-1.html]
[templates.framework-y.com/techline/demo-main/blog-2.html]
[templates.framework-y.com/techline/demo-main/blog-grid.html]
[templates.framework-y.com/techline/demo-main/blog-magazine.html]
[templates.framework-y.com/techline/demo-main/blog-single-1.html]
[templates.framework-y.com/techline/demo-main/blog-single-2.html]
[templates.framework-y.com/techline/demo-main/blog-single-3.html]
[templates.framework-y.com/techline/demo-main/blog-single-4.html]
[templates.framework-y.com/techline/demo-main/features/components/icons.html]
[templates.framework-y.com/techline/demo-main/features/components/counters-countdown.html]
[templates.framework-y.com/techline/demo-main/features/components/progress-bars.html]
[templates.framework-y.com/techline/demo-main/features/components/timeline.html]
[templates.framework-y.com/techline/demo-main/features/components/maps.html]
[templates.framework-y.com/techline/demo-main/features/components/tables.html]
[templates.framework-y.com/techline/demo-main/features/components/php-contact-form.html]
[templates.framework-y.com/techline/demo-main/features/components/buttons.html]
[templates.framework-y.com/techline/demo-main/features/components/image-boxes.html]
[templates.framework-y.com/techline/demo-main/features/components/image-boxes-advanced.html]
[templates.framework-y.com/techline/demo-main/features/components/content-box.html]
[templates.framework-y.com/techline/demo-main/features/components/social-media.html]
[templates.framework-y.com/techline/demo-main/features/components/lists.html]
[templates.framework-y.com/techline/demo-main/features/components/typography.html]
[templates.framework-y.com/techline/demo-main/features/containers/list-grid.html]
[templates.framework-y.com/techline/demo-main/features/containers/list-masonry.html]
[templates.framework-y.com/techline/demo-main/features/containers/lightbox.html]
[templates.framework-y.com/techline/demo-main/features/containers/sliders.html]
[templates.framework-y.com/techline/demo-main/features/containers/scroll-box-collapse.html]
[templates.framework-y.com/techline/demo-main/features/containers/tabs.html]
[templates.framework-y.com/techline/demo-main/features/containers/accordions.html]
[templates.framework-y.com/techline/demo-main/features/footers/footer-parallax.html]
[templates.framework-y.com/techline/demo-main/features/footers/footer-minimal.html]
[templates.framework-y.com/techline/demo-main/features/footers/footer-base.html]
[templates.framework-y.com/techline/demo-main/features/containers/section-background-image.html]
[templates.framework-y.com/techline/demo-main/features/containers/section-background-image-parallax.html]
[templates.framework-y.com/techline/demo-main/features/containers/section-slider.html]
[templates.framework-y.com/techline/demo-main/features/containers/section-background-video.html]
[templates.framework-y.com/techline/demo-main/features/containers/section-animations.html]
[templates.framework-y.com/techline/demo-main/features/containers/section-animations-parallax.html]
[templates.framework-y.com/techline/demo-main/features/menus/menu-classic.html]
[templates.framework-y.com/techline/demo-main/features/menus/menu-classic-transparent.html]
[templates.framework-y.com/techline/demo-main/features/menus/menu-big-logo.html]
[templates.framework-y.com/techline/demo-main/features/menus/menu-subline.html]
[templates.framework-y.com/techline/demo-main/features/menus/menu-subtitle.html]
[templates.framework-y.com/techline/demo-main/features/menus/menu-middle-logo.html]
[templates.framework-y.com/techline/demo-main/features/menus/menu-middle-logo-top.html]
[templates.framework-y.com/techline/demo-main/features/menus/menu-middle-box.html]
[templates.framework-y.com/techline/demo-main/features/menus/menu-icons.html]
[templates.framework-y.com/techline/demo-main/features/menus/menu-icons-top.html]
[templates.framework-y.com/techline/demo-main/features/menus/menu-side.html]
[templates.framework-y.com/techline/demo-main/features/menus/menu-side-lateral.html]
[templates.framework-y.com/techline/demo-main/features/menus/menu-side-simple.html]
[templates.framework-y.com/techline/demo-main/features/titles/template-title-image.html]
[templates.framework-y.com/techline/demo-main/features/titles/template-title-image-fullscreen.html]
[templates.framework-y.com/techline/demo-main/features/titles/template-title-image-fullscreen-parallax.html]
[templates.framework-y.com/techline/demo-main/features/titles/template-title-image-parallax.html]
[templates.framework-y.com/techline/demo-main/features/titles/template-title-image-parallax-ken-burn.html]
[templates.framework-y.com/techline/demo-main/features/titles/template-title-video-mp4.html]
[templates.framework-y.com/techline/demo-main/features/titles/template-title-video-youtube.html]
[templates.framework-y.com/techline/demo-main/features/titles/template-title-video-fullscreen.html]
[templates.framework-y.com/techline/demo-main/features/titles/template-title-video-fullscreen-parallax.html]
[templates.framework-y.com/techline/demo-main/features/titles/template-title-video-parallax.html]
[templates.framework-y.com/techline/demo-main/features/titles/template-title-base-1.html]
[templates.framework-y.com/techline/demo-main/features/titles/template-title-base-2.html]
[templates.framework-y.com/techline/demo-main/features/titles/template-title-bootstrap.html]
[templates.framework-y.com/techline/demo-main/features/titles/template-title-animation.html]
[templates.framework-y.com/techline/demo-main/features/titles/template-title-animation-parallax.html]
[templates.framework-y.com/techline/demo-main/features/titles/template-title-slider.html]
[templates.framework-y.com/techline/demo-main/features/titles/template-title-slider-fullscreen.html]
[templates.framework-y.com/techline/demo-main/features/titles/template-title-slider-fullscreen-parallax.html]
[templates.framework-y.com/techline/demo-main/features/titles/template-title-slider-parallax.html]
[templates.framework-y.com/techline/images/en.png]
[templates.framework-y.com/techline/images/it.png]
[templates.framework-y.com/techline/images/logos/logo_1.png]
[templates.framework-y.com/techline/images/logos/logo_2.png]
[templates.framework-y.com/techline/images/logos/logo_3.png]
[templates.framework-y.com/techline/images/logos/logo_4.png]
[templates.framework-y.com/techline/images/gallery/image-1.jpg]
[templates.framework-y.com/techline/images/gallery/image-2.jpg]
[templates.framework-y.com/techline/images/gallery/image-3.jpg]
[templates.framework-y.com/techline/images/gallery/image-4.jpg]
[templates.framework-y.com/techline/images/gallery/image-5.jpg]
[templates.framework-y.com/techline/images/man.png]
[templates.framework-y.com/techline/images/gallery/image-6.jpg]
[templates.framework-y.com/techline/images/gallery/image-16.jpg]
[templates.framework-y.com/techline/images/gallery/image-25.jpg]
[templates.framework-y.com/techline/images/gallery/image-27.jpg]
[templates.framework-y.com/techline/images/product-box.png]
[templates.framework-y.com/techline/images/product-box-2.png]
[templates.framework-y.com/techline/images/product-box-3.png]
[templates.framework-y.com/techline/images/projects/project-1-w.jpg]
[templates.framework-y.com/techline/images/projects/project-2-w.jpg]
[templates.framework-y.com/techline/images/projects/project-3-w.jpg]
[templates.framework-y.com/techline/images/projects/project-4-w.jpg]
[templates.framework-y.com/techline/images/projects/project-5-w.jpg]
[templates.framework-y.com/techline/images/projects/project-6-w.jpg]
[templates.framework-y.com/techline/images/projects/project-7-w.jpg]
[templates.framework-y.com/techline/images/projects/project-8-w.jpg]
[templates.framework-y.com/techline/images/user-1.jpg]
[templates.framework-y.com/techline/images/user-3.jpg]
[templates.framework-y.com/techline/images/user-2.jpg]
[templates.framework-y.com/techline/images/bg-1.jpg]
[templates.framework-y.com/techline/images/logos/logo_5.png]
[templates.framework-y.com/techline/images/logos/logo_6.png]
[templates.framework-y.com/techline/images/logos/logo_7.png]
[templates.framework-y.com/techline/images/logos/logo_8.png]
[templates.framework-y.com/techline/images/logo-bn.png]
[templates.framework-y.com/techline/scripts/custom.js]
[templates.framework-y.com/techline/demo-main/index-main.html]
[templates.framework-y.com/techline/scripts/jquery.flipster.min.css]
[templates.framework-y.com/techline/images/bg-14.jpg]
[templates.framework-y.com/techline/images/man-4.png]
[templates.framework-y.com/techline/images/bg-15.jpg]
[templates.framework-y.com/techline/images/man-3.png]
[templates.framework-y.com/techline/images/bg-16.jpg]
[templates.framework-y.com/techline/images/man-5.png]
[templates.framework-y.com/techline/images/gallery/image-7.jpg]
[templates.framework-y.com/techline/images/user-1b.jpg]
[templates.framework-y.com/techline/images/user-2b.jpg]
[templates.framework-y.com/techline/images/user-3b.jpg]
[templates.framework-y.com/techline/images/user-4b.jpg]
[templates.framework-y.com/techline/images/bg-12.jpg]
[templates.framework-y.com/techline/scripts/jquery.flipster.min.js]
[templates.framework-y.com/techline/demo-main/index-management.html]
[templates.framework-y.com/techline/scripts/google.maps.min.js]
[templates.framework-y.com/techline/images/sign-2.png]
[templates.framework-y.com/techline/images/projects/project-1.jpg]
[templates.framework-y.com/techline/images/projects/project-2.jpg]
[templates.framework-y.com/techline/images/projects/project-3.jpg]
[templates.framework-y.com/techline/images/projects/project-4.jpg]
[templates.framework-y.com/techline/images/projects/project-5.jpg]
[templates.framework-y.com/techline/images/projects/project-6.jpg]
[templates.framework-y.com/techline/images/projects/project-7.jpg]
[templates.framework-y.com/techline/images/projects/project-8.jpg]
[templates.framework-y.com/techline/images/gallery/image-26.jpg]
[templates.framework-y.com/techline/images/gallery/image-28.jpg]
[templates.framework-y.com/techline/images/team-1.jpg]
[templates.framework-y.com/techline/images/team-2.jpg]
[templates.framework-y.com/techline/images/team-3.jpg]
[templates.framework-y.com/techline/images/team-4.jpg]
[templates.framework-y.com/techline/demo-main/index-freelancer.html]
[templates.framework-y.com/techline/images/mk-9.png]
[templates.framework-y.com/techline/demo-main/index-product.html]
[templates.framework-y.com/techline/images/bg-6.jpg]
[templates.framework-y.com/techline/images/bg-7.jpg]
[templates.framework-y.com/techline/images/bg-8.jpg]
[templates.framework-y.com/techline/images/bg-4.jpg]
[templates.framework-y.com/techline/images/gallery/image-8.jpg]
[templates.framework-y.com/techline/images/gallery/image-9.jpg]
[templates.framework-y.com/techline/images/girl.png]
[templates.framework-y.com/techline/demo-main/index-services.html]
[templates.framework-y.com/techline/demo-main/video-poster.jpg]
[templates.framework-y.com/techline/images/phone-1.png]
[templates.framework-y.com/techline/images/phone-2.png]
[templates.framework-y.com/techline/images/phone-3.png]
[templates.framework-y.com/techline/images/phone-4.png]
[templates.framework-y.com/techline/images/phone-5.png]
[templates.framework-y.com/techline/images/phone-6.png]
[templates.framework-y.com/techline/images/phone-7.png]
[templates.framework-y.com/techline/images/marker-map.png]
[templates.framework-y.com/techline/images/gallery/wide-square-1.jpg]
[templates.framework-y.com/techline/images/gallery/wide-square-2.jpg]
[templates.framework-y.com/techline/images/gallery/wide-square-3.jpg]
[templates.framework-y.com/techline/demo-main/index-video.html]
[templates.framework-y.com/techline/images/bg-0.jpg]
[templates.framework-y.com/techline/images/mk-5.png]
[templates.framework-y.com/techline/images/mk-6.png]
[templates.framework-y.com/techline/images/mk-7.png]
[templates.framework-y.com/techline/images/mk-8.png]
[templates.framework-y.com/techline/images/gallery/image-14.jpg]
[templates.framework-y.com/techline/images/gallery/image-12.jpg]
[templates.framework-y.com/techline/demo-main/index-app.html]
[templates.framework-y.com/techline/images/gallery/block-1.jpg]
[templates.framework-y.com/techline/images/gallery/block-2.jpg]
[templates.framework-y.com/techline/images/gallery/block-3.jpg]
[templates.framework-y.com/techline/images/man-2.jpg]
[templates.framework-y.com/techline/demo-main/index-presentation.html]
[templates.framework-y.com/techline/images/gallery/image-21.jpg]
[templates.framework-y.com/techline/images/users/user-5.jpg]
[templates.framework-y.com/techline/images/users/user-6.jpg]
[templates.framework-y.com/techline/images/users/user-7.jpg]
[templates.framework-y.com/techline/images/users/user-8.jpg]
[templates.framework-y.com/techline/images/users/user-10.jpg]
[templates.framework-y.com/techline/images/users/user-11.jpg]
[templates.framework-y.com/techline/images/users/user-13.jpg]
[templates.framework-y.com/techline/images/users/user-1.jpg]
[templates.framework-y.com/techline/images/users/user-2.jpg]
[templates.framework-y.com/techline/images/users/user-3.jpg]
[templates.framework-y.com/techline/images/users/user-4.jpg]
[templates.framework-y.com/techline/images/users/user-9.jpg]
[templates.framework-y.com/techline/images/users/user-12.jpg]
[templates.framework-y.com/techline/demo-main/index-event.html]
[templates.framework-y.com/techline/scripts/jquery.twbsPagination.min.js]
[templates.framework-y.com/techline/images/bg-13.jpg]
[templates.framework-y.com/techline/images/mk-phone-2.png]
[templates.framework-y.com/techline/images/mk-phone-1.png]
[templates.framework-y.com/techline/images/bg-11.jpg]
[templates.framework-y.com/techline/images/mk-phone-4.png]
[templates.framework-y.com/techline/images/mk-phone-3.png]
[templates.framework-y.com/techline/images/mk-phone-6.png]
[templates.framework-y.com/techline/images/mk-phone-5.png]
[templates.framework-y.com/techline/demo-main/index-activity.html]
[templates.framework-y.com/techline/images/video-poster.jpg]
[templates.framework-y.com/techline/images/gallery/image-10.jpg]
[templates.framework-y.com/techline/images/gallery/image-11.jpg]
[templates.framework-y.com/techline/images/gallery/image-13.jpg]
[templates.framework-y.com/techline/images/gallery/image-15.jpg]
[templates.framework-y.com/techline/images/mk-1.png]
[templates.framework-y.com/techline/images/mk-2.png]
[templates.framework-y.com/techline/images/gallery/square-1.jpg]
[templates.framework-y.com/techline/images/gallery/square-2.jpg]
[templates.framework-y.com/techline/images/gallery/square-3.jpg]
[templates.framework-y.com/techline/images/gallery/image-18.jpg]
[templates.framework-y.com/techline/demo-main/index-business.html]
[templates.framework-y.com/techline/images/bg-3.jpg]
[templates.framework-y.com/techline/images/gallery/image-24.jpg]
[templates.framework-y.com/techline/images/gallery/wide-1.jpg]
[templates.framework-y.com/techline/images/gallery/wide-2.jpg]
[templates.framework-y.com/techline/images/gallery/wide-3.jpg]
[templates.framework-y.com/techline/demo-main/index-blog.html]
[templates.framework-y.com/techline/images/projects/project-1-wide.jpg]
[templates.framework-y.com/techline/images/projects/project-2-wide.jpg]
[templates.framework-y.com/techline/images/projects/project-3-wide.jpg]
[templates.framework-y.com/techline/images/projects/project-4-wide.jpg]
[templates.framework-y.com/techline/images/projects/project-5-wide.jpg]
[templates.framework-y.com/techline/images/projects/project-6-wide.jpg]
[templates.framework-y.com/techline/images/worldmap.png]
[templates.framework-y.com/techline/demo-main/index-corporate.html]
[templates.framework-y.com/techline/images/slide-1.jpg]
[templates.framework-y.com/techline/images/slide-2.jpg]
[templates.framework-y.com/techline/images/slide-3.jpg]
[templates.framework-y.com/techline/images/projects/project-7-wide.jpg]
[templates.framework-y.com/techline/images/projects/project-8-wide.jpg]
[templates.framework-y.com/techline/images/file-1.png]
[templates.framework-y.com/techline/images/file-2.png]
[templates.framework-y.com/techline/demo-main/index-company.html]
[templates.framework-y.com/techline/images/gallery/city-1.jpg]
[templates.framework-y.com/techline/images/gallery/city-2.jpg]
[templates.framework-y.com/techline/images/gallery/city-3.jpg]
[templates.framework-y.com/techline/images/gallery/city-4.jpg]
[templates.framework-y.com/techline/images/mk-3.png]
[templates.framework-y.com/techline/images/mk-4.png]
[templates.framework-y.com/techline/demo-main/index-consulting.html]
[templates.framework-y.com/techline/images/sign-blue.png]
[templates.framework-y.com/techline/demo-main/index-boxed.html]
[templates.framework-y.com/techline/demo-main/index-cubes.169.delayed]
[templates.framework-y.com/techline/demo-main/index-portfolio-lightbox.html]
[templates.framework-y.com/techline/demo-main/index-gallery-fullpage.html]
[templates.framework-y.com/techline/demo-main/index-fullpage-two.html]
[templates.framework-y.com/techline/demo-main/service-web-sites.html]
[templates.framework-y.com/techline/demo-main/service-seo.html]
[templates.framework-y.com/techline/demo-main/service-video.html]
[templates.framework-y.com/techline/demo-main/service-graphics.html]
[templates.framework-y.com/techline/demo-main/reports.html]
[templates.framework-y.com/techline/demo-main/special-1.html]
[templates.framework-y.com/techline/demo-main/special-2.html]
[templates.framework-y.com/techline/demo-main/gallery-grid.html]
[templates.framework-y.com/techline/demo-main/gallery-masonry.html]
[templates.framework-y.com/techline/demo-main/partners.html]
[templates.framework-y.com/techline/demo-main/portfolio-2-full-width.html]
[templates.framework-y.com/techline/demo-main/portfolio-2-boxed.html]
[templates.framework-y.com/techline/demo-main/blog-masonry.html]
[templates.framework-y.com/techline/demo-main/blog-social.html]
[templates.framework-y.com/techline/images/bg-17.jpg]
[templates.framework-y.com/techline/images/sign-3.png]
[templates.framework-y.com/techline/images/projects/project-9.jpg]
[templates.framework-y.com/techline/images/projects/project-10.jpg]
[templates.framework-y.com/techline/images/projects/project-11.jpg]
[templates.framework-y.com/techline/images/projects/project-12.jpg]
[templates.framework-y.com/techline/images/logo-retina-white.png]
[templates.framework-y.com/techline/scripts/jquery.spritely.min.js]
[templates.framework-y.com/techline/demo-main/index-portfolio.html]
[templates.framework-y.com/techline/demo-main/index-side-menu.html]
[templates.framework-y.com/techline/scripts/metis.menu.min.js]
[templates.framework-y.com/techline/scripts/jquery.fullPage.css]
[templates.framework-y.com/techline/images/hd-3.jpg]
[templates.framework-y.com/techline/images/hd-2.jpg]
[templates.framework-y.com/techline/images/hd-4.jpg]
[templates.framework-y.com/techline/images/gallery/image-22.jpg]
[templates.framework-y.com/techline/images/hd-5.jpg]
[templates.framework-y.com/techline/demo-main/index-fullpage.html]
[templates.framework-y.com/techline/scripts/iconsmind/line-icons-fonts/icomoon.eot]
[templates.framework-y.com/techline/scripts/jquery.fullPage.min.js]
[templates.framework-y.com/techline/scripts/iconsmind/line-icons-fonts/icomoon.woff]
[templates.framework-y.com/techline/scripts/iconsmind/line-icons-fonts/icomoond41d.eot]
[templates.framework-y.com/techline/scripts/iconsmind/line-icons-fonts/icomoon.ttf]
[templates.framework-y.com/techline/scripts/iconsmind/line-icons-fonts/icomoon.18eca27.delayed]
[templates.framework-y.com/techline/scripts/iconsmind/line-icons-fonts/social.eot]
[templates.framework-y.com/techline/scripts/iconsmind/line-icons-fonts/sociald41d.eot]
[templates.framework-y.com/techline/scripts/iconsmind/line-icons-fonts/social.woff]
[templates.framework-y.com/techline/scripts/iconsmind/line-icons-fonts/social.ttf]
[templates.framework-y.com/techline/scripts/iconsmind/line-icons-fonts/social.svg]
[templates.framework-y.com/techline/scripts/iconsmind/line-icons.min.css]
[templates.framework-y.com/techline/scripts/flexslider/fonts/flexslider-icon.svg]
[templates.framework-y.com/techline/images/user-4.jpg]
[templates.framework-y.com/techline/images/bg-22.jpg]
[templates.framework-y.com/techline/demo-main/about-1.html]
[templates.framework-y.com/techline/demo-main/about-2.html]
[templates.framework-y.com/techline/demo-main/about-3.html]
[templates.framework-y.com/techline/demo-main/pricing.html]
[templates.framework-y.com/techline/images/sign-gray.png]
[templates.framework-y.com/techline/images/man-4b.png]
[templates.framework-y.com/techline/demo-main/careers.html]
[templates.framework-y.com/techline/images/certificate.jpg]
[templates.framework-y.com/techline/demo-main/certifications.html]
[templates.framework-y.com/techline/demo-main/faq.html]
[templates.framework-y.com/techline/images/bg-map.jpg]
[templates.framework-y.com/techline/demo-main/history.html]
[templates.framework-y.com/techline/images/team-5.jpg]
[templates.framework-y.com/techline/images/team-6.jpg]
[templates.framework-y.com/techline/demo-main/team.html]
[templates.framework-y.com/techline/images/hd-8.jpg]
[templates.framework-y.com/techline/demo-main/coming-soon.html]
[templates.framework-y.com/techline/demo-main/download-area.html]
[templates.framework-y.com/images/favicon.png]
[templates.framework-y.com/techline/demo-main/gallery-album.html]
[templates.framework-y.com/techline/demo-main/services-1.html]
[templates.framework-y.com/techline/demo-main/services-2.html]
[templates.framework-y.com/techline/demo-main/about.html]
[templates.framework-y.com/techline/demo-main/services-3.html]
[templates.framework-y.com/techline/demo-main/contacts-1.html]
[templates.framework-y.com/techline/demo-main/contacts-2.html]
[templates.framework-y.com/techline/demo-main/contacts-3.html]
[templates.framework-y.com/techline/demo-main/contacts-4.html]
[templates.framework-y.com/techline/demo-main/404.html]
[templates.framework-y.com/techline/demo-main/portfolio-1-gutted-boxed.html]
[templates.framework-y.com/techline/demo-main/portfolio-1-gutted-full-width.html]
[templates.framework-y.com/techline/demo-main/portfolio-2-gutted-boxed.html]
[templates.framework-y.com/techline/demo-main/portfolio-2-gutted-full-width.html]
[templates.framework-y.com/techline/demo-main/portfolio-3-gutted-boxed.html]
[templates.framework-y.com/techline/demo-main/portfolio-3-gutted-full-width.html]
[templates.framework-y.com/techline/demo-main/portfolio-4-full-width.html]
[templates.framework-y.com/techline/demo-main/portfolio-4-boxed.html]
[templates.framework-y.com/techline/demo-main/portfolio-4-gutted-boxed.html]
[templates.framework-y.com/techline/demo-main/portfolio-4-gutted-full-width.html]
[templates.framework-y.com/techline/demo-main/portfolio-single-1.html]
[templates.framework-y.com/techline/demo-main/portfolio-single-2.html]
[templates.framework-y.com/techline/demo-main/portfolio-single-3.html]
[templates.framework-y.com/techline/demo-main/portfolio-single-4.html]
[templates.framework-y.com/techline/demo-main/portfolio-single-5.html]
[templates.framework-y.com/techline/demo-main/portfolio-single-6.html]
[templates.framework-y.com/techline/demo-main/video-1-poster.jpg]
[templates.framework-y.com/techline/demo-main/portfolio-single-7.html]
[templates.framework-y.com/techline/images/gallery/large-1.jpg]
[templates.framework-y.com/techline/images/gallery/large-2.jpg]
[templates.framework-y.com/techline/images/gallery/large-3.jpg]
[templates.framework-y.com/techline/images/gallery/large-4.jpg]
[templates.framework-y.com/techline/images/gallery/large-5.jpg]
[templates.framework-y.com/techline/images/gallery/square-4.jpg]
[templates.framework-y.com/techline/demo-main/blog-1.html]
[templates.framework-y.com/techline/demo-main/blog-2.html]
[templates.framework-y.com/techline/demo-main/blog-grid.html]
[templates.framework-y.com/techline/demo-main/blog-magazine.html]
[templates.framework-y.com/techline/demo-main/blog-single-1.html]
[templates.framework-y.com/techline/images/gallery/square-5.jpg]
[templates.framework-y.com/techline/demo-main/blog-single-2.html]
[templates.framework-y.com/techline/images/bg-26.jpg]
[templates.framework-y.com/techline/demo-main/blog-single-3.html]
[templates.framework-y.com/techline/demo-main/blog-single-4.html]
[templates.framework-y.com/techline/demo-main/features/components/index.html]
[templates.framework-y.com/techline/images/icons/icon-1.png]
[templates.framework-y.com/techline/images/icons/icon-2.png]
[templates.framework-y.com/techline/images/icons/icon-3.png]
[templates.framework-y.com/techline/images/icons/icon-4.png]
[templates.framework-y.com/techline/images/icons/icon-5.png]
[templates.framework-y.com/techline/images/icons/icon-6.png]
[templates.framework-y.com/techline/images/button-doc.png]
[templates.framework-y.com/techline/demo-main/features/components/icons.html]
[templates.framework-y.com/techline/demo-main/features/components/counters-countdown.html]
[templates.framework-y.com/techline/demo-main/features/components/progress-bars.html]
[templates.framework-y.com/techline/demo-main/features/components/timeline.html]
[templates.framework-y.com/techline/demo-main/features/components/maps.html]
[templates.framework-y.com/techline/scripts/jquery.bootgrid.css]
[templates.framework-y.com/techline/images/logos/logo-1.png]
[templates.framework-y.com/techline/images/logos/logo-2.png]
[templates.framework-y.com/techline/images/logos/logo-3.png]
[templates.framework-y.com/techline/images/logos/logo-4.png]
[templates.framework-y.com/techline/images/logos/logo-5.png]
[templates.framework-y.com/techline/images/logos/logo-6.png]
[templates.framework-y.com/techline/images/logos/logo-7.png]
[templates.framework-y.com/techline/images/logos/logo-8.png]
[templates.framework-y.com/techline/demo-main/features/components/tables.html]
[templates.framework-y.com/techline/scripts/jquery.bootgrid.min.js]
[templates.framework-y.com/techline/demo-main/features/components/php-contact-form.html]
[templates.framework-y.com/techline/demo-main/features/components/buttons.html]
[templates.framework-y.com/techline/demo-main/features/components/image-boxes.html]
[templates.framework-y.com/techline/demo-main/features/components/image-boxes-advanced.html]
[templates.framework-y.com/techline/scripts/php/datepicker.min.js]
[templates.framework-y.com/techline/demo-main/features/components/about.html]
[templates.framework-y.com/techline/demo-main/features/components/content-box.html]
[templates.framework-y.com/techline/demo-main/features/components/social-media.html]
[templates.framework-y.com/techline/demo-main/features/components/lists.html]
[templates.framework-y.com/techline/demo-main/features/components/typography.html]
[templates.framework-y.com/techline/demo-main/features/containers/index.html]
[templates.framework-y.com/techline/demo-main/features/containers/icons.html]
[templates.framework-y.com/techline/demo-main/features/containers/counters-countdown.html]
[templates.framework-y.com/techline/demo-main/features/containers/progress-bars.html]
[templates.framework-y.com/techline/demo-main/features/containers/timeline.html]
[templates.framework-y.com/techline/demo-main/features/containers/maps.html]
[templates.framework-y.com/techline/demo-main/features/containers/tables.html]
[templates.framework-y.com/techline/demo-main/features/containers/php-contact-form.html]
[templates.framework-y.com/techline/demo-main/features/containers/buttons.html]
[templates.framework-y.com/techline/demo-main/features/containers/image-boxes.html]
[templates.framework-y.com/techline/demo-main/features/containers/image-boxes-advanced.html]
[templates.framework-y.com/techline/demo-main/features/containers/content-box.html]
[templates.framework-y.com/techline/demo-main/features/containers/social-media.html]
[templates.framework-y.com/techline/demo-main/features/containers/lists.html]
[templates.framework-y.com/techline/demo-main/features/containers/typography.html]
[templates.framework-y.com/techline/demo-main/features/containers/www.youtube.com/watch4552]
[templates.framework-y.com/techline/demo-main/features/containers/list-grid.html]
[templates.framework-y.com/techline/demo-main/features/containers/list-masonry.html]
[www.framework-y.com/images/large/large_wide_1.jpg]
[www.framework-y.com/images/lightbox-thumb.jpg]
[www.framework-y.com/images/large/large_wide_2.jpg]
[www.framework-y.com/images/large/large_wide_3.jpg]
[www.framework-y.com/images/large/large_wide_4.jpg]
[www.framework-y.com/images/large/large_wide_5.jpg]
[www.framework-y.com/images/thumbs/thumb_wide_1.jpg]
[www.framework-y.com/images/thumbs/thumb_wide_2.jpg]
[www.framework-y.com/images/thumbs/thumb_wide_3.jpg]
[www.framework-y.com/images/thumbs/thumb_wide_4.jpg]
[www.framework-y.com/images/thumbs/thumb_wide_5.jpg]
[www.framework-y.com/images/thumbs/thumb_wide_6.jpg]
[templates.framework-y.com/techline/demo-main/features/containers/lightbox.html]
[templates.framework-y.com/techline/demo-main/features/containers/sliders.html]
[templates.framework-y.com/techline/demo-main/features/containers/scroll-box-collapse.html]
[templates.framework-y.com/techline/demo-main/features/containers/tabs.html]
[templates.framework-y.com/techline/demo-main/features/containers/accordions.html]
[templates.framework-y.com/techline/demo-main/features/footers/index.html]
[templates.framework-y.com/techline/demo-main/features/footers/icons.html]
[templates.framework-y.com/techline/demo-main/features/footers/counters-countdown.html]
[templates.framework-y.com/techline/demo-main/features/footers/progress-bars.html]
[templates.framework-y.com/techline/demo-main/features/footers/timeline.html]
[templates.framework-y.com/techline/demo-main/features/footers/maps.html]
[templates.framework-y.com/techline/demo-main/features/footers/tables.html]
[templates.framework-y.com/techline/demo-main/features/footers/php-contact-form.html]
[templates.framework-y.com/techline/demo-main/features/footers/buttons.html]
[templates.framework-y.com/techline/demo-main/features/footers/image-boxes.html]
[templates.framework-y.com/techline/demo-main/features/footers/image-boxes-advanced.html]
[templates.framework-y.com/techline/demo-main/features/footers/content-box.html]
[templates.framework-y.com/techline/demo-main/features/footers/social-media.html]
[templates.framework-y.com/techline/demo-main/features/footers/lists.html]
[templates.framework-y.com/techline/demo-main/features/footers/typography.html]
[templates.framework-y.com/techline/demo-main/features/footers/footer-parallax.html]
[templates.framework-y.com/techline/demo-main/features/footers/footer-minimal.html]
[templates.framework-y.com/techline/demo-main/features/footers/footer-base.html]
[templates.framework-y.com/techline/images/hd-6.jpg]
[templates.framework-y.com/techline/images/hd-7.jpg]
[templates.framework-y.com/techline/demo-main/features/containers/section-background-image.html]
[templates.framework-y.com/techline/demo-main/features/containers/section-background-image-parallax.html]
[templates.framework-y.com/techline/demo-main/features/containers/section-slider.html]
[templates.framework-y.com/techline/images/video-1-poster.jpg]
[templates.framework-y.com/techline/demo-main/features/containers/section-background-video.html]
[templates.framework-y.com/techline/demo-main/features/containers/section-animations.html]
[templates.framework-y.com/techline/demo-main/features/containers/section-animations-parallax.html]
[templates.framework-y.com/techline/demo-main/features/menus/icons.1ea.delayed]
[templates.framework-y.com/techline/demo-main/features/menus/counters-countdown.html]
[templates.framework-y.com/techline/demo-main/features/menus/progress-bars.html]
[templates.framework-y.com/techline/demo-main/features/menus/timeline.html]
[templates.framework-y.com/techline/demo-main/features/menus/maps.html]
[templates.framework-y.com/techline/demo-main/features/menus/tables.html]
[templates.framework-y.com/techline/demo-main/features/menus/php-contact-form.html]
[templates.framework-y.com/techline/demo-main/features/menus/buttons.html]
[templates.framework-y.com/techline/demo-main/features/menus/image-boxes.html]
[templates.framework-y.com/techline/demo-main/features/menus/image-boxes-advanced.html]
[templates.framework-y.com/techline/demo-main/features/menus/content-box.html]
[templates.framework-y.com/techline/demo-main/features/menus/social-media.html]
[templates.framework-y.com/techline/demo-main/features/menus/lists.html]
[templates.framework-y.com/techline/demo-main/features/menus/typography.html]
[templates.framework-y.com/techline/images/bg-23.jpg]
[templates.framework-y.com/techline/demo-main/features/menus/menu-classic.html]
[templates.framework-y.com/techline/images/bg-5.jpg]
[templates.framework-y.com/techline/demo-main/features/menus/menu-classic-transparent.html]
[templates.framework-y.com/techline/images/logo-badge.png]
[templates.framework-y.com/techline/demo-main/features/menus/menu-big-logo.html]
[templates.framework-y.com/techline/demo-main/features/menus/menu-subline.html]
[templates.framework-y.com/techline/demo-main/features/menus/menu-subtitle.html]
[templates.framework-y.com/techline/images/logo-mini.png]
[templates.framework-y.com/techline/demo-main/features/menus/menu-middle-logo.html]
[templates.framework-y.com/techline/demo-main/features/menus/menu-middle-logo-top.html]
[templates.framework-y.com/techline/demo-main/features/menus/menu-middle-box.html]
[templates.framework-y.com/techline/images/logo-margins.png]
[templates.framework-y.com/techline/demo-main/features/menus/menu-icons.html]
[templates.framework-y.com/techline/demo-main/features/menus/menu-icons-top.html]
[templates.framework-y.com/techline/demo-main/features/menus/menu-side.html]
[templates.framework-y.com/techline/scripts/metismenu.jquery.min.js]
[templates.framework-y.com/techline/demo-main/features/menus/menu-side-lateral.html]
[templates.framework-y.com/techline/demo-main/features/menus/menu-side-simple.html]
[templates.framework-y.com/techline/demo-main/features/titles/index.html]
[templates.framework-y.com/techline/demo-main/features/titles/icons.html]
[templates.framework-y.com/techline/demo-main/features/titles/counters-countdown.html]
[templates.framework-y.com/techline/demo-main/features/titles/progress-bars.html]
[templates.framework-y.com/techline/demo-main/features/titles/timeline.html]
[templates.framework-y.com/techline/demo-main/features/titles/maps.html]
[templates.framework-y.com/techline/demo-main/features/titles/tables.html]
[templates.framework-y.com/techline/demo-main/features/titles/php-contact-form.html]
[templates.framework-y.com/techline/demo-main/features/titles/buttons.html]
[templates.framework-y.com/techline/demo-main/features/titles/image-boxes.html]
[templates.framework-y.com/techline/demo-main/features/titles/image-boxes-advanced.html]
[templates.framework-y.com/techline/demo-main/features/titles/content-box.html]
[templates.framework-y.com/techline/demo-main/features/titles/social-media.html]
[templates.framework-y.com/techline/demo-main/features/titles/lists.html]
[templates.framework-y.com/techline/demo-main/features/titles/typography.html]
[templates.framework-y.com/techline/demo-main/features/titles/template-title-image.html]
[templates.framework-y.com/techline/demo-main/features/titles/template-title-image-fullscreen.html]
[templates.framework-y.com/techline/demo-main/features/titles/template-title-image-fullscreen-parallax.html]
[templates.framework-y.com/techline/demo-main/features/titles/template-title-image-parallax.html]
[templates.framework-y.com/techline/demo-main/features/titles/template-title-image-parallax-ken-burn.html]
[templates.framework-y.com/techline/demo-main/features/titles/template-title-video-mp4.html]
[templates.framework-y.com/techline/images/youtube-poster.jpg]
[templates.framework-y.com/techline/demo-main/features/titles/template-title-video-youtube.html]
[templates.framework-y.com/techline/demo-main/features/titles/template-title-video-fullscreen.html]
[templates.framework-y.com/techline/demo-main/features/titles/template-title-video-fullscreen-parallax.html]
[templates.framework-y.com/techline/demo-main/features/titles/template-title-video-parallax.html]
[templates.framework-y.com/techline/demo-main/features/titles/template-title-base-1.html]
[templates.framework-y.com/techline/demo-main/features/titles/template-title-base-2.html]
[templates.framework-y.com/techline/demo-main/features/titles/template-title-bootstrap.html]
[templates.framework-y.com/techline/demo-main/features/titles/template-title-animation.html]
[templates.framework-y.com/techline/demo-main/features/titles/template-title-animation-parallax.html]
[templates.framework-y.com/techline/images/bg-9.jpg]
[templates.framework-y.com/techline/images/bg-10.jpg]
[templates.framework-y.com/techline/demo-main/features/titles/template-title-slider.html]
[templates.framework-y.com/techline/images/hd-1.jpg]
[templates.framework-y.com/techline/demo-main/features/titles/template-title-slider-fullscreen.html]
[templates.framework-y.com/techline/demo-main/features/titles/template-title-slider-fullscreen-parallax.html]
[templates.framework-y.com/techline/demo-main/features/titles/template-title-slider-parallax.html]
[templates.framework-y.com/techline/scripts/custom.html]
[templates.framework-y.com/techline/scripts/jquery.flipster.min.css]
[templates.framework-y.com/techline/demo-main/video-poster.html]
[templates.framework-y.com/techline/demo-main/index-cubes.html]
[templates.framework-y.com/techline/demo-main/index-portfolio-lightbox.html]
[templates.framework-y.com/techline/demo-main/index-gallery-fullpage.html]
[templates.framework-y.com/techline/demo-main/index-fullpage-two.html]
[templates.framework-y.com/techline/demo-main/service-web-sites.html]
[templates.framework-y.com/techline/demo-main/service-seo.html]
[templates.framework-y.com/techline/demo-main/service-video.html]
[templates.framework-y.com/techline/demo-main/service-graphics.html]
[templates.framework-y.com/techline/demo-main/reports.html]
[templates.framework-y.com/techline/demo-main/special-1.html]
[templates.framework-y.com/techline/demo-main/special-2.html]
[templates.framework-y.com/techline/demo-main/gallery-grid.html]
[templates.framework-y.com/techline/demo-main/gallery-masonry.html]
[templates.framework-y.com/techline/images/logos/logo-big-1.png]
[templates.framework-y.com/techline/images/logos/logo-big-2.png]
[templates.framework-y.com/techline/images/logos/logo-big-3.png]
[templates.framework-y.com/techline/demo-main/partners.html]
[templates.framework-y.com/techline/demo-main/portfolio-2-full-width.html]
[templates.framework-y.com/techline/demo-main/portfolio-2-boxed.html]
[templates.framework-y.com/techline/demo-main/blog-masonry.html]
[templates.framework-y.com/techline/demo-main/blog-social.html]
[templates.framework-y.com/techline/scripts/jquery.fullPage.css]
[templates.framework-y.com/techline/scripts/iconsmind/line-icons-fonts/icomoonca27.html]
[templates.framework-y.com/techline/scripts/iconsmind/line-icons-fonts/social.html]
[templates.framework-y.com/techline/scripts/iconsmind/line-icons-fonts/sociald41d.html]
[templates.framework-y.com/techline/scripts/iconsmind/line-icons-fonts/social.svg]
[templates.framework-y.com/images/favicon.html]
[templates.framework-y.com/techline/demo-main/about.html]
[templates.framework-y.com/techline/demo-main/video-1-poster.html]
[templates.framework-y.com/techline/demo-main/features/components/index.html]
[templates.framework-y.com/techline/images/icons/icon-1.html]
[templates.framework-y.com/techline/images/icons/icon-2.html]
[templates.framework-y.com/techline/images/icons/icon-3.html]
[templates.framework-y.com/techline/images/icons/icon-4.html]
[templates.framework-y.com/techline/images/icons/icon-5.html]
[templates.framework-y.com/techline/images/icons/icon-6.html]
[templates.framework-y.com/techline/scripts/jquery.bootgrid.css]
[templates.framework-y.com/techline/demo-main/features/components/about.html]
[templates.framework-y.com/techline/demo-main/features/containers/index.html]
[templates.framework-y.com/techline/demo-main/features/containers/icons.html]
[templates.framework-y.com/techline/demo-main/features/containers/counters-countdown.html]
[templates.framework-y.com/techline/demo-main/features/containers/progress-bars.html]
[templates.framework-y.com/techline/demo-main/features/containers/timeline.html]
[templates.framework-y.com/techline/demo-main/features/containers/maps.html]
[templates.framework-y.com/techline/demo-main/features/containers/tables.html]
[templates.framework-y.com/techline/demo-main/features/containers/php-contact-form.html]
[templates.framework-y.com/techline/demo-main/features/containers/buttons.html]
[templates.framework-y.com/techline/demo-main/features/containers/image-boxes.html]
[templates.framework-y.com/techline/demo-main/features/containers/image-boxes-advanced.html]
[templates.framework-y.com/techline/demo-main/features/containers/content-box.html]
[templates.framework-y.com/techline/demo-main/features/containers/social-media.html]
[templates.framework-y.com/techline/demo-main/features/containers/lists.html]
[templates.framework-y.com/techline/demo-main/features/containers/typography.html]
[templates.framework-y.com/techline/demo-main/features/containers/www.youtube.com/watch4552.html]
[templates.framework-y.com/techline/demo-main/features/footers/index.html]
[templates.framework-y.com/techline/demo-main/features/footers/icons.html]
[templates.framework-y.com/techline/demo-main/features/footers/counters-countdown.html]
[templates.framework-y.com/techline/demo-main/features/footers/progress-bars.html]
[templates.framework-y.com/techline/demo-main/features/footers/timeline.html]
[templates.framework-y.com/techline/demo-main/features/footers/maps.html]
[templates.framework-y.com/techline/demo-main/features/footers/tables.html]
[templates.framework-y.com/techline/demo-main/features/footers/php-contact-form.html]
[templates.framework-y.com/techline/demo-main/features/footers/buttons.html]
[templates.framework-y.com/techline/demo-main/features/footers/image-boxes.html]
[templates.framework-y.com/techline/demo-main/features/footers/image-boxes-advanced.html]
[templates.framework-y.com/techline/demo-main/features/footers/content-box.html]
[templates.framework-y.com/techline/demo-main/features/footers/social-media.html]
[templates.framework-y.com/techline/demo-main/features/footers/lists.html]
[templates.framework-y.com/techline/demo-main/features/footers/typography.html]
[templates.framework-y.com/techline/demo-main/features/menus/icons.html]
[templates.framework-y.com/techline/demo-main/features/menus/counters-countdown.html]
[templates.framework-y.com/techline/demo-main/features/menus/progress-bars.html]
[templates.framework-y.com/techline/demo-main/features/menus/timeline.html]
[templates.framework-y.com/techline/demo-main/features/menus/maps.html]
[templates.framework-y.com/techline/demo-main/features/menus/tables.html]
[templates.framework-y.com/techline/demo-main/features/menus/php-contact-form.html]
[templates.framework-y.com/techline/demo-main/features/menus/buttons.html]
[templates.framework-y.com/techline/demo-main/features/menus/image-boxes.html]
[templates.framework-y.com/techline/demo-main/features/menus/image-boxes-advanced.html]
[templates.framework-y.com/techline/demo-main/features/menus/content-box.html]
[templates.framework-y.com/techline/demo-main/features/menus/social-media.html]
[templates.framework-y.com/techline/demo-main/features/menus/lists.html]
[templates.framework-y.com/techline/demo-main/features/menus/typography.html]
[templates.framework-y.com/techline/scripts/metismenu.jquery.min.html]
[templates.framework-y.com/techline/demo-main/features/titles/index.html]
[templates.framework-y.com/techline/demo-main/features/titles/icons.html]
[templates.framework-y.com/techline/demo-main/features/titles/counters-countdown.html]
[templates.framework-y.com/techline/demo-main/features/titles/progress-bars.html]
[templates.framework-y.com/techline/demo-main/features/titles/timeline.html]
[templates.framework-y.com/techline/demo-main/features/titles/maps.html]
[templates.framework-y.com/techline/demo-main/features/titles/tables.html]
[templates.framework-y.com/techline/demo-main/features/titles/php-contact-form.html]
[templates.framework-y.com/techline/demo-main/features/titles/buttons.html]
[templates.framework-y.com/techline/demo-main/features/titles/image-boxes.html]
[templates.framework-y.com/techline/demo-main/features/titles/image-boxes-advanced.html]
[templates.framework-y.com/techline/demo-main/features/titles/content-box.html]
[templates.framework-y.com/techline/demo-main/features/titles/social-media.html]
[templates.framework-y.com/techline/demo-main/features/titles/lists.html]
[templates.framework-y.com/techline/demo-main/features/titles/typography.html]
[templates.framework-y.com/techline/images/youtube-poster.html]
